9000000.0,0.0,0.0,0.0,0.0,0.0,0.0,0.0
0.0,608400.0,0.0,0.0,0.0,0.0,0.0,0.0
0.0,0.0,608400.0,0.0,0.0,0.0,0.0,0.0
0.0,0.0,0.0,608400.0,0.0,0.0,0.0,0.0
0.0,0.0,0.0,0.0,608400.0,0.0,0.0,0.0
0.0,0.0,0.0,0.0,0.0,608400.0,0.0,0.0
0.0,0.0,0.0,0.0,0.0,0.0,608400.0,0.0
0.0,0.0,0.0,0.0,0.0,0.0,0.0,9000000.0
