$0.00$ & $11.85$ & $1.25$ & $1.07$ & $12.99$ & $3.14$ & $1.86$  \\
$0.07$ & $1.11$ & $1.13$ & $1.15$ & $1.08$ & $0.59$ & $0.56$  \\
$0.14$ & $1.11$ & $1.05$ & $1.21$ & $0.56$ & $1.06$ & $0.57$  \\
$0.21$ & $0.55$ & $1.05$ & $1.13$ & $1.09$ & $0.57$ & $1.17$  \\
$0.29$ & $0.53$ & $1.18$ & $1.13$ & $0.01$ & $0.37$ & $3.51$  \\
$0.36$ & $2.80$ & $0.59$ & $2.53$ & $0.05$ & $0.00$ & $0.00$  \\
$0.43$ & $0.00$ & $1.33$ & $0.00$ & $0.00$ & $0.00$ & $0.00$  \\
$0.50$ & $0.00$ & $0.99$ & $0.00$ & $0.00$ & $0.00$ & $0.00$  \\
$0.57$ & $0.00$ & $0.73$ & $0.00$ & $0.00$ & $0.00$ & $0.00$  \\
$0.64$ & $0.00$ & $0.00$ & $0.00$ & $0.00$ & $0.00$ & $0.00$  \\
$0.71$ & $0.00$ & $0.00$ & $0.00$ & $0.00$ & $0.00$ & $0.00$  \\
$0.79$ & $0.00$ & $0.00$ & $0.00$ & $0.00$ & $0.00$ & $0.00$  \\
$0.86$ & $0.00$ & $0.00$ & $0.00$ & $0.00$ & $0.00$ & $0.00$  \\
$0.93$ & $0.00$ & $0.00$ & $0.00$ & $0.00$ & $0.00$ & $0.00$  \\
$1.00$ & $0.00$ & $0.00$ & $0.00$ & $0.00$ & $0.00$ & $0.00$  \\
