----- Matrix of scores highchirp -----
λ/β	$0.001$ & $0.003$ & $0.010$ & $0.030$ & $0.090$ & $0.300$ & $0.900$
-------------------------------------------------------------------------
$0.800$ & 57	& 57	& 57	& 55	& 49	& 31	& 0 \\
$0.900$ & 67	& 67	& 68	& 69	& 67	& 52	& 0 \\
$0.950$ & 74	& 73	& 75	& 77	& 74	& 64	& 0 \\
$0.975$ & 73	& 74	& 75	& 76	& 75	& 69	& 0 \\
$0.987$ & 75	& 76	& 77	& 77	& 75	& 70	& 0 \\
$0.993$ & 75	& 75	& 76	& 76	& 76	& 70	& 0 \\
$0.996$ & 74	& 74	& 75	& 75	& 76	& 69	& 0 \\
