----- Matrix of scores cuckoo -----
α/β	$0.001$ & $0.003$ & $0.010$ & $0.030$ & $0.090$ & $0.300$ & $0.900$
-------------------------------------------------------------------------
$0.001$ & 3	& 5	& 5	& 6	& 6	& 6	& 6 \\
$0.003$ & 4	& 5	& 6	& 6	& 7	& 7	& 7 \\
$0.010$ & 4	& 6	& 6	& 8	& 8	& 8	& 8 \\
$0.030$ & 4	& 5	& 6	& 8	& 10	& 10	& 10 \\
$0.090$ & 2	& 2	& 2	& 21	& 27	& 27	& 27 \\
$0.300$ & 0	& 0	& 0	& 69	& 76	& 72	& 72 \\
$0.900$ & 0	& 0	& 0	& 0	& 0	& 0	& 0 \\
