----- Matrix of scores lowchirp -----
α/β	$0.001$ & $0.003$ & $0.010$ & $0.030$ & $0.090$ & $0.300$ & $0.900$
-------------------------------------------------------------------------
$0.001$ & 36	& 37	& 37	& 34	& 35	& 29	& 14 \\
$0.003$ & 36	& 36	& 36	& 33	& 35	& 28	& 14 \\
$0.010$ & 33	& 34	& 34	& 35	& 33	& 29	& 9 \\
$0.030$ & 32	& 32	& 31	& 31	& 26	& 23	& 9 \\
$0.090$ & 20	& 20	& 20	& 20	& 20	& 17	& 6 \\
$0.300$ & 1	& 0	& 0	& 1	& 4	& 0	& 0 \\
$0.900$ & 0	& 0	& 0	& 0	& 0	& 0	& 0 \\
