----- Matrix of scores cuckoo -----
α/β	$0.001$ & $0.003$ & $0.010$ & $0.030$ & $0.090$ & $0.300$ & $0.900$
-------------------------------------------------------------------------
$nan$ & 38	& 38	& 38	& 38	& 42	& 58	& 87 \\
