----- Matrix of scores lowchirp -----
α/β	$0.001$ & $0.003$ & $0.010$ & $0.030$ & $0.090$ & $0.300$ & $0.900$
-------------------------------------------------------------------------
$0.001$ & 2	& 2	& 2	& 4	& 11	& 55	& 0 \\
$0.003$ & 2	& 2	& 2	& 4	& 11	& 55	& 0 \\
$0.010$ & 2	& 2	& 2	& 3	& 14	& 54	& 0 \\
$0.030$ & 2	& 2	& 3	& 4	& 29	& 51	& 0 \\
$0.090$ & 2	& 2	& -2	& 14	& 36	& 29	& 0 \\
$0.300$ & 2	& 2	& 10	& 6	& 9	& 1	& 0 \\
$0.900$ & 2	& 2	& 0	& 0	& 0	& 0	& 0 \\
