----- Matrix of scores highchirp -----
α/β	$0.001$ & $0.003$ & $0.010$ & $0.030$ & $0.090$ & $0.300$ & $0.900$
-------------------------------------------------------------------------
$0.001$ & 19	& 19	& 19	& 19	& 19	& 19	& 19 \\
$0.003$ & 19	& 19	& 19	& 19	& 19	& 19	& 19 \\
$0.010$ & 19	& 19	& 19	& 19	& 19	& 19	& 19 \\
$0.030$ & 19	& 19	& 19	& 19	& 19	& 19	& 19 \\
$0.090$ & 19	& 19	& 19	& 19	& 19	& 19	& 19 \\
$0.300$ & 19	& 19	& 19	& 19	& 19	& 19	& 19 \\
$0.900$ & 19	& 19	& 19	& 19	& 19	& 19	& 19 \\
