----- Matrix of scores cuckoo -----
α/β	$0.001$ & $0.003$ & $0.010$ & $0.030$ & $0.090$ & $0.300$ & $0.900$
-------------------------------------------------------------------------
$0.001$ & 0	& 0	& 0	& 0	& 54	& 3	& 0 \\
$0.003$ & 0	& 0	& 0	& 0	& 56	& 3	& 0 \\
$0.010$ & 0	& 0	& 0	& 0	& 60	& 5	& 0 \\
$0.030$ & 0	& 0	& 0	& 0	& 80	& 14	& 0 \\
$0.090$ & 0	& 0	& 0	& 0	& 86	& 37	& 4 \\
$0.300$ & 0	& 0	& 0	& 0	& 63	& 51	& 12 \\
$0.900$ & 0	& 0	& 0	& 0	& 0	& 0	& 0 \\
