----- Matrix of scores cuckoo -----
α/β	$0.001$ & $0.003$ & $0.010$ & $0.030$ & $0.090$ & $0.300$ & $0.900$
-------------------------------------------------------------------------
$0.001$ & 59	& 59	& 59	& 59	& 59	& 59	& 59 \\
$0.003$ & 59	& 59	& 59	& 59	& 59	& 59	& 59 \\
$0.010$ & 59	& 59	& 59	& 59	& 59	& 59	& 59 \\
$0.030$ & 59	& 59	& 59	& 59	& 59	& 59	& 59 \\
$0.090$ & 59	& 59	& 59	& 59	& 59	& 59	& 59 \\
$0.300$ & 59	& 59	& 59	& 59	& 59	& 59	& 59 \\
$0.900$ & 59	& 59	& 59	& 59	& 59	& 59	& 59 \\
