----- Matrix of scores highchirp -----
α/β	$0.001$ & $0.003$ & $0.010$ & $0.030$ & $0.090$ & $0.300$ & $0.900$
-------------------------------------------------------------------------
$0.001$ & 17	& 17	& 17	& 18	& 27	& 57	& 0 \\
$0.003$ & 17	& 17	& 17	& 18	& 28	& 57	& 0 \\
$0.010$ & 17	& 17	& 17	& 19	& 32	& 59	& 0 \\
$0.030$ & 17	& 17	& 17	& 24	& 42	& 62	& 0 \\
$0.090$ & 17	& 17	& 17	& 45	& 62	& 47	& 0 \\
$0.300$ & 17	& 17	& 17	& 18	& 11	& 4	& 0 \\
$0.900$ & 17	& 17	& 17	& 0	& 0	& 0	& 0 \\
