----- Matrix of scores lowchirp -----
λ/β	$0.001$ & $0.003$ & $0.010$ & $0.030$ & $0.090$ & $0.300$ & $0.900$
-------------------------------------------------------------------------
$0.800$ & 2	& 2	& 2	& 26	& 7	& 2	& 0 \\
$0.900$ & 2	& 2	& 2	& 27	& 34	& 21	& 0 \\
$0.950$ & 2	& 2	& 2	& 16	& 49	& 28	& 0 \\
$0.975$ & 2	& 2	& 3	& 16	& 56	& 41	& 0 \\
$0.987$ & 2	& 2	& 3	& 17	& 58	& 44	& 0 \\
$0.993$ & 2	& 2	& 3	& 19	& 65	& 47	& 0 \\
$0.996$ & 2	& 2	& 4	& 24	& 62	& 49	& 0 \\
