----- Matrix of scores cuckoo -----
α/β	$0.001$ & $0.003$ & $0.010$ & $0.030$ & $0.090$ & $0.300$ & $0.900$
-------------------------------------------------------------------------
$0.001$ & 21	& 21	& 21	& 21	& 43	& 71	& 88 \\
$0.003$ & 22	& 22	& 22	& 22	& 45	& 73	& 88 \\
$0.010$ & 26	& 26	& 26	& 26	& 46	& 74	& 88 \\
$0.030$ & 33	& 33	& 33	& 33	& 52	& 76	& 82 \\
$0.090$ & 53	& 53	& 53	& 53	& 67	& 81	& 73 \\
$0.300$ & 73	& 73	& 73	& 73	& 72	& 65	& 37 \\
$0.900$ & 0	& 0	& 0	& 0	& 0	& 0	& 0 \\
