----- Matrix of scores highchirp -----
α/β	$0.001$ & $0.003$ & $0.010$ & $0.030$ & $0.090$ & $0.300$ & $0.900$
-------------------------------------------------------------------------
$0.001$ & 56	& 56	& 55	& 55	& 54	& 44	& 0 \\
$0.003$ & 55	& 55	& 55	& 55	& 53	& 42	& 0 \\
$0.010$ & 53	& 53	& 53	& 52	& 49	& 40	& 0 \\
$0.030$ & 44	& 44	& 44	& 42	& 38	& 28	& 0 \\
$0.090$ & 18	& 18	& 18	& 17	& 15	& 10	& 0 \\
$0.300$ & 1	& 1	& 1	& 1	& 1	& 0	& 0 \\
$0.900$ & 0	& 0	& 0	& 0	& 0	& 0	& 0 \\
