----- Matrix of scores lowchirp -----
λ/β	$0.001$ & $0.003$ & $0.010$ & $0.030$ & $0.090$ & $0.300$ & $0.900$
-------------------------------------------------------------------------
$0.800$ & 29	& 29	& 26	& 34	& 25	& 8	& 0 \\
$0.900$ & 41	& 43	& 42	& 46	& 44	& 29	& 3 \\
$0.950$ & 50	& 53	& 59	& 56	& 58	& 44	& 6 \\
$0.975$ & 52	& 52	& 56	& 61	& 55	& 47	& 17 \\
$0.987$ & 49	& 50	& 53	& 59	& 53	& 49	& 17 \\
$0.993$ & 56	& 56	& 56	& 58	& 58	& 57	& 18 \\
$0.996$ & 56	& 55	& 57	& 59	& 63	& 59	& 20 \\
