----- Matrix of scores highchirp -----
α/β	$0.001$ & $0.003$ & $0.010$ & $0.030$ & $0.090$ & $0.300$ & $0.900$
-------------------------------------------------------------------------
$0.001$ & 51	& 51	& 50	& 49	& 44	& 35	& 0 \\
$0.003$ & 50	& 50	& 50	& 49	& 46	& 35	& 0 \\
$0.010$ & 51	& 50	& 50	& 51	& 47	& 34	& 0 \\
$0.030$ & 50	& 50	& 49	& 48	& 44	& 30	& 0 \\
$0.090$ & 24	& 24	& 24	& 22	& 19	& 13	& 0 \\
$0.300$ & 2	& 2	& 2	& 2	& 1	& 1	& 0 \\
$0.900$ & 0	& 0	& 0	& 0	& 0	& 0	& 0 \\
