----- Matrix of scores highchirp -----
λ/β	$0.001$ & $0.003$ & $0.010$ & $0.030$ & $0.090$ & $0.300$ & $0.900$
-------------------------------------------------------------------------
$0.800$ & 17	& 17	& 17	& 16	& 46	& 36	& 0 \\
$0.900$ & 17	& 17	& 17	& 16	& 43	& 57	& 0 \\
$0.950$ & 17	& 17	& 17	& 15	& 43	& 66	& 0 \\
$0.975$ & 17	& 17	& 17	& 15	& 43	& 67	& 0 \\
$0.987$ & 17	& 17	& 17	& 15	& 43	& 67	& 0 \\
$0.993$ & 17	& 17	& 17	& 14	& 44	& 66	& 0 \\
$0.996$ & 17	& 17	& 17	& 15	& 46	& 65	& 0 \\
