----- Matrix of scores cuckoo -----
λ/β	$0.001$ & $0.003$ & $0.010$ & $0.030$ & $0.090$ & $0.300$ & $0.900$
-------------------------------------------------------------------------
$0.800$ & 0	& 0	& 0	& 0	& 0	& 9	& 83 \\
$0.900$ & 0	& 0	& 0	& 0	& 0	& 10	& 93 \\
$0.950$ & 0	& 0	& 0	& 0	& 0	& 12	& 96 \\
$0.975$ & 0	& 0	& 0	& 0	& 0	& 14	& 95 \\
$0.987$ & 0	& 0	& 0	& 0	& 0	& 25	& 95 \\
$0.993$ & 1	& 1	& 1	& 1	& 5	& 34	& 94 \\
$0.996$ & 4	& 4	& 4	& 4	& 9	& 40	& 94 \\
