----- Matrix of scores highchirp -----
α/β	$0.001$ & $0.003$ & $0.010$ & $0.030$ & $0.090$ & $0.300$ & $0.900$
-------------------------------------------------------------------------
$0.001$ & 17	& 17	& 17	& 21	& 35	& 63	& 0 \\
$0.003$ & 17	& 17	& 17	& 21	& 36	& 63	& 0 \\
$0.010$ & 17	& 17	& 17	& 21	& 40	& 63	& 0 \\
$0.030$ & 17	& 17	& 17	& 27	& 52	& 57	& 0 \\
$0.090$ & 17	& 17	& 17	& 47	& 54	& 34	& 0 \\
$0.300$ & 17	& 17	& 17	& 13	& 5	& 3	& 0 \\
$0.900$ & 17	& 17	& 17	& 0	& 0	& 0	& 0 \\
