----- Matrix of scores cuckoo -----
α/β	$0.001$ & $0.003$ & $0.010$ & $0.030$ & $0.090$ & $0.300$ & $0.900$
-------------------------------------------------------------------------
$0.001$ & 9	& 9	& 9	& 9	& 19	& 60	& 84 \\
$0.003$ & 9	& 9	& 9	& 9	& 19	& 60	& 84 \\
$0.010$ & 11	& 11	& 11	& 11	& 20	& 62	& 84 \\
$0.030$ & 13	& 13	& 13	& 13	& 30	& 69	& 84 \\
$0.090$ & 34	& 34	& 34	& 34	& 53	& 76	& 80 \\
$0.300$ & 76	& 76	& 76	& 76	& 72	& 69	& 53 \\
$0.900$ & 0	& 0	& 0	& 0	& 0	& 0	& 0 \\
