----- Matrix of scores lowchirp -----
α/β	$0.001$ & $0.003$ & $0.010$ & $0.030$ & $0.090$ & $0.300$ & $0.900$
-------------------------------------------------------------------------
$0.001$ & 2	& 2	& 2	& 1	& 45	& 41	& 0 \\
$0.003$ & 2	& 2	& 2	& 2	& 45	& 41	& 0 \\
$0.010$ & 2	& 2	& 2	& -2	& 47	& 40	& 0 \\
$0.030$ & 2	& 2	& 1	& 4	& 47	& 39	& 0 \\
$0.090$ & 2	& 2	& 1	& 6	& 30	& 23	& 0 \\
$0.300$ & 2	& 2	& 2	& 1	& 5	& 1	& 0 \\
$0.900$ & 2	& 2	& 2	& 0	& 0	& 0	& 0 \\
