----- Matrix of scores lowchirp -----
α/β	$0.001$ & $0.003$ & $0.010$ & $0.030$ & $0.090$ & $0.300$ & $0.900$
-------------------------------------------------------------------------
$0.001$ & 31	& 31	& 31	& 31	& 31	& 31	& 31 \\
$0.003$ & 31	& 31	& 31	& 31	& 31	& 31	& 31 \\
$0.010$ & 31	& 31	& 31	& 31	& 31	& 31	& 31 \\
$0.030$ & 31	& 31	& 31	& 31	& 31	& 31	& 31 \\
$0.090$ & 31	& 31	& 31	& 31	& 31	& 31	& 31 \\
$0.300$ & 31	& 31	& 31	& 31	& 31	& 31	& 31 \\
$0.900$ & 31	& 31	& 31	& 31	& 31	& 31	& 31 \\
