----- Matrix of scores highchirp -----
α/β	$0.001$ & $0.003$ & $0.010$ & $0.030$ & $0.090$ & $0.300$ & $0.900$
-------------------------------------------------------------------------
$nan$ & 52	& 52	& 52	& 50	& 46	& 31	& 0 \\
