----- Matrix of scores lowchirp -----
α/β	$0.001$ & $0.003$ & $0.010$ & $0.030$ & $0.090$ & $0.300$ & $0.900$
-------------------------------------------------------------------------
$0.001$ & 12	& 11	& 11	& 12	& 20	& 37	& 14 \\
$0.003$ & 14	& 12	& 13	& 13	& 22	& 39	& 14 \\
$0.010$ & 14	& 14	& 15	& 15	& 25	& 34	& 14 \\
$0.030$ & 24	& 24	& 26	& 28	& 31	& 38	& 14 \\
$0.090$ & 36	& 37	& 37	& 39	& 32	& 25	& 9 \\
$0.300$ & 7	& 7	& 7	& 8	& 8	& 4	& 0 \\
$0.900$ & 0	& 0	& 0	& 0	& 0	& 0	& 0 \\
